// Jest Snapshot v1, https://goo.gl/fbAQLP

exports[`Clan specification render query shape 1`] = `
Object {
  "definitions": Array [
    Object {
      "directives": Array [],
      "kind": "OperationDefinition",
      "name": Object {
        "kind": "Name",
        "value": "addMessage",
      },
      "operation": "mutation",
      "selectionSet": Object {
        "kind": "SelectionSet",
        "selections": Array [
          Object {
            "alias": null,
            "arguments": Array [
              Object {
                "kind": "Argument",
                "name": Object {
                  "kind": "Name",
                  "value": "body",
                },
                "value": Object {
                  "kind": "Variable",
                  "name": Object {
                    "kind": "Name",
                    "value": "body",
                  },
                },
              },
              Object {
                "kind": "Argument",
                "name": Object {
                  "kind": "Name",
                  "value": "clanId",
                },
                "value": Object {
                  "kind": "Variable",
                  "name": Object {
                    "kind": "Name",
                    "value": "clanId",
                  },
                },
              },
            ],
            "directives": Array [],
            "kind": "Field",
            "name": Object {
              "kind": "Name",
              "value": "addMessage",
            },
            "selectionSet": Object {
              "kind": "SelectionSet",
              "selections": Array [
                Object {
                  "alias": null,
                  "arguments": Array [],
                  "directives": Array [],
                  "kind": "Field",
                  "name": Object {
                    "kind": "Name",
                    "value": "message",
                  },
                  "selectionSet": Object {
                    "kind": "SelectionSet",
                    "selections": Array [
                      Object {
                        "alias": null,
                        "arguments": Array [],
                        "directives": Array [],
                        "kind": "Field",
                        "name": Object {
                          "kind": "Name",
                          "value": "body",
                        },
                        "selectionSet": null,
                      },
                    ],
                  },
                },
                Object {
                  "alias": null,
                  "arguments": Array [],
                  "directives": Array [],
                  "kind": "Field",
                  "name": Object {
                    "kind": "Name",
                    "value": "success",
                  },
                  "selectionSet": null,
                },
              ],
            },
          },
        ],
      },
      "variableDefinitions": Array [
        Object {
          "defaultValue": null,
          "kind": "VariableDefinition",
          "type": Object {
            "kind": "NamedType",
            "name": Object {
              "kind": "Name",
              "value": "String",
            },
          },
          "variable": Object {
            "kind": "Variable",
            "name": Object {
              "kind": "Name",
              "value": "body",
            },
          },
        },
        Object {
          "defaultValue": null,
          "kind": "VariableDefinition",
          "type": Object {
            "kind": "NamedType",
            "name": Object {
              "kind": "Name",
              "value": "ID",
            },
          },
          "variable": Object {
            "kind": "Variable",
            "name": Object {
              "kind": "Name",
              "value": "clanId",
            },
          },
        },
      ],
    },
  ],
  "kind": "Document",
  "loc": Object {
    "end": 198,
    "start": 0,
  },
}
`;
